[    0.000000] Initializing cgroup subsys cpuset
[    0.000000] Initializing cgroup subsys cpu
[    0.000000] Initializing cgroup subsys cpuacct
[    0.000000] Linux version 4.4.0-141-generic (buildd@lcy01-amd64-006) (gcc version 5.4.0 20160609 (Ubuntu 5.4.0-6ubuntu1~16.04.10) ) #167-Ubuntu SMP Wed Dec 5 10:40:15 UTC 2018 (Ubuntu 4.4.0-141.167-generic 4.4.162)
[    0.000000] Command line: BOOT_IMAGE=/boot/vmlinuz-4.4.0-141-generic root=LABEL=cloudimg-rootfs ro console=tty1 console=ttyS0
[    0.000000] KERNEL supported cpus:
[    0.000000]   Intel GenuineIntel
[    0.000000]   AMD AuthenticAMD
[    0.000000]   Centaur CentaurHauls
[    0.000000] x86/fpu: xstate_offset[2]:  576, xstate_sizes[2]:  256
[    0.000000] x86/fpu: Supporting XSAVE feature 0x01: 'x87 floating point registers'
[    0.000000] x86/fpu: Supporting XSAVE feature 0x02: 'SSE registers'
[    0.000000] x86/fpu: Supporting XSAVE feature 0x04: 'AVX registers'
[    0.000000] x86/fpu: Enabled xstate features 0x7, context size is 832 bytes, using 'standard' format.
[    0.000000] e820: BIOS-provided physical RAM map:
[    0.000000] BIOS-e820: [mem 0x0000000000000000-0x000000000009fbff] usable
[    0.000000] BIOS-e820: [mem 0x000000000009fc00-0x000000000009ffff] reserved
[    0.000000] BIOS-e820: [mem 0x00000000000f0000-0x00000000000fffff] reserved
[    0.000000] BIOS-e820: [mem 0x0000000000100000-0x000000007ffeffff] usable
[    0.000000] BIOS-e820: [mem 0x000000007fff0000-0x000000007fffffff] ACPI data
[    0.000000] BIOS-e820: [mem 0x00000000fec00000-0x00000000fec00fff] reserved
[    0.000000] BIOS-e820: [mem 0x00000000fee00000-0x00000000fee00fff] reserved
[    0.000000] BIOS-e820: [mem 0x00000000fffc0000-0x00000000ffffffff] reserved
[    0.000000] NX (Execute Disable) protection: active
[    0.000000] SMBIOS 2.5 present.
[    0.000000] Hypervisor detected: KVM
[    0.000000] e820: last_pfn = 0x7fff0 max_arch_pfn = 0x400000000
[    0.000000] MTRR: Disabled
[    0.000000] x86/PAT: MTRRs disabled, skipping PAT initialization too.
[    0.000000] CPU MTRRs all blank - virtualized system.
[    0.000000] x86/PAT: Configuration [0-7]: WB  WT  UC- UC  WB  WT  UC- UC  
[    0.000000] found SMP MP-table at [mem 0x0009fff0-0x0009ffff] mapped at [ffff88000009fff0]
[    0.000000] Scanning 1 areas for low memory corruption
[    0.000000] RAMDISK: [mem 0x3630a000-0x3717cfff]
[    0.000000] ACPI: Early table checksum verification disabled
[    0.000000] ACPI: RSDP 0x00000000000E0000 000024 (v02 VBOX  )
[    0.000000] ACPI: XSDT 0x000000007FFF0030 00003C (v01 VBOX   VBOXXSDT 00000001 ASL  00000061)
[    0.000000] ACPI: FACP 0x000000007FFF00F0 0000F4 (v04 VBOX   VBOXFACP 00000001 ASL  00000061)
[    0.000000] ACPI: DSDT 0x000000007FFF0470 0022EA (v02 VBOX   VBOXBIOS 00000002 INTL 20100528)
[    0.000000] ACPI: FACS 0x000000007FFF0200 000040
[    0.000000] ACPI: FACS 0x000000007FFF0200 000040
[    0.000000] ACPI: APIC 0x000000007FFF0240 00005C (v02 VBOX   VBOXAPIC 00000001 ASL  00000061)
[    0.000000] ACPI: SSDT 0x000000007FFF02A0 0001CC (v01 VBOX   VBOXCPUT 00000002 INTL 20100528)
[    0.000000] No NUMA configuration found
[    0.000000] Faking a node at [mem 0x0000000000000000-0x000000007ffeffff]
[    0.000000] NODE_DATA(0) allocated [mem 0x7ffeb000-0x7ffeffff]
[    0.000000] kvm-clock: Using msrs 4b564d01 and 4b564d00
[    0.000000] kvm-clock: cpu 0, msr 0:7ffe3001, primary cpu clock
[    0.000000] kvm-clock: using sched offset of 5183115404 cycles
[    0.000000] clocksource: kvm-clock: mask: 0xffffffffffffffff max_cycles: 0x1cd42e4dffb, max_idle_ns: 881590591483 ns
[    0.000000] Zone ranges:
[    0.000000]   DMA      [mem 0x0000000000001000-0x0000000000ffffff]
[    0.000000]   DMA32    [mem 0x0000000001000000-0x000000007ffeffff]
[    0.000000]   Normal   empty
[    0.000000]   Device   empty
[    0.000000] Movable zone start for each node
[    0.000000] Early memory node ranges
[    0.000000]   node   0: [mem 0x0000000000001000-0x000000000009efff]
[    0.000000]   node   0: [mem 0x0000000000100000-0x000000007ffeffff]
[    0.000000] Initmem setup node 0 [mem 0x0000000000001000-0x000000007ffeffff]
[    0.000000] ACPI: PM-Timer IO Port: 0x4008
[    0.000000] IOAPIC[0]: apic_id 2, version 32, address 0xfec00000, GSI 0-23
[    0.000000] ACPI: INT_SRC_OVR (bus 0 bus_irq 0 global_irq 2 dfl dfl)
[    0.000000] ACPI: INT_SRC_OVR (bus 0 bus_irq 9 global_irq 9 low level)
[    0.000000] Using ACPI (MADT) for SMP configuration information
[    0.000000] smpboot: Allowing 2 CPUs, 0 hotplug CPUs
[    0.000000] PM: Registered nosave memory: [mem 0x00000000-0x00000fff]
[    0.000000] PM: Registered nosave memory: [mem 0x0009f000-0x0009ffff]
[    0.000000] PM: Registered nosave memory: [mem 0x000a0000-0x000effff]
[    0.000000] PM: Registered nosave memory: [mem 0x000f0000-0x000fffff]
[    0.000000] e820: [mem 0x80000000-0xfebfffff] available for PCI devices
[    0.000000] Booting paravirtualized kernel on KVM
[    0.000000] clocksource: refined-jiffies: mask: 0xffffffff max_cycles: 0xffffffff, max_idle_ns: 7645519600211568 ns
[    0.000000] setup_percpu: NR_CPUS:512 nr_cpumask_bits:512 nr_cpu_ids:2 nr_node_ids:1
[    0.000000] PERCPU: Embedded 34 pages/cpu @ffff88007fc00000 s99608 r8192 d31464 u1048576
[    0.000000] PV qspinlock hash table entries: 256 (order: 0, 4096 bytes)
[    0.000000] Built 1 zonelists in Node order, mobility grouping on.  Total pages: 515960
[    0.000000] Policy zone: DMA32
[    0.000000] Kernel command line: BOOT_IMAGE=/boot/vmlinuz-4.4.0-141-generic root=LABEL=cloudimg-rootfs ro console=tty1 console=ttyS0
[    0.000000] PID hash table entries: 4096 (order: 3, 32768 bytes)
[    0.000000] Memory: 2029900K/2096696K available (8568K kernel code, 1314K rwdata, 4008K rodata, 1528K init, 1316K bss, 66796K reserved, 0K cma-reserved)
[    0.000000] SLUB: HWalign=64, Order=0-3, MinObjects=0, CPUs=2, Nodes=1
[    0.000000] Kernel/User page tables isolation: enabled
[    0.000000] Hierarchical RCU implementation.
[    0.000000] 	Build-time adjustment of leaf fanout to 64.
[    0.000000] 	RCU restricting CPUs from NR_CPUS=512 to nr_cpu_ids=2.
[    0.000000] RCU: Adjusting geometry for rcu_fanout_leaf=64, nr_cpu_ids=2
[    0.000000] NR_IRQS:33024 nr_irqs:440 16
[    0.000000] Console: colour VGA+ 80x25
[    0.000000] console [tty1] enabled
[    0.000000] console [ttyS0] enabled
[    0.000000] tsc: Detected 1992.001 MHz processor
[    0.316247] Calibrating delay loop (skipped) preset value.. 3984.00 BogoMIPS (lpj=7968004)
[    0.318159] pid_max: default: 32768 minimum: 301
[    0.319238] ACPI: Core revision 20150930
[    0.322117] ACPI: 2 ACPI AML tables successfully acquired and loaded
[    0.323603] Security Framework initialized
[    0.324516] Yama: becoming mindful.
[    0.325335] AppArmor: AppArmor initialized
[    0.328951] Dentry cache hash table entries: 262144 (order: 9, 2097152 bytes)
[    0.330618] Inode-cache hash table entries: 131072 (order: 8, 1048576 bytes)
[    0.379948] Mount-cache hash table entries: 4096 (order: 3, 32768 bytes)
[    0.381341] Mountpoint-cache hash table entries: 4096 (order: 3, 32768 bytes)
[    0.382863] Initializing cgroup subsys io
[    0.383902] Initializing cgroup subsys memory
[    0.384875] Initializing cgroup subsys devices
[    0.385872] Initializing cgroup subsys freezer
[    0.386906] Initializing cgroup subsys net_cls
[    0.387950] Initializing cgroup subsys perf_event
[    0.388920] Initializing cgroup subsys net_prio
[    0.389911] Initializing cgroup subsys hugetlb
[    0.390891] Initializing cgroup subsys pids
[    0.392904] mce: CPU supports 0 MCE banks
[    0.393802] Last level iTLB entries: 4KB 64, 2MB 8, 4MB 8
[    0.395166] Last level dTLB entries: 4KB 64, 2MB 0, 4MB 0, 1GB 4
[    0.396332] Spectre V2 : Mitigation: Full generic retpoline
[    0.397489] Spectre V2 : Spectre v2 mitigation: Speculation control IBPB not-supported IBRS not-supported
[    0.399225] Spectre V2 : Spectre v2 / SpectreRSB mitigation: Filling RSB on context switch
[    0.401461] Speculative Store Bypass: Vulnerable
[    0.405199] Freeing SMP alternatives memory: 32K
[    0.414816] ftrace: allocating 32291 entries in 127 pages
[    0.532380] smpboot: APIC(0) Converting physical 0 to logical package 0
[    0.533718] smpboot: Max logical packages: 1
[    0.587099] x2apic enabled
[    0.588187] Switched APIC routing to physical x2apic.
[    0.590730] ..TIMER: vector=0x30 apic1=0 pin1=2 apic2=-1 pin2=-1
[    0.795567] APIC calibration not consistent with PM-Timer: 195ms instead of 100ms
[    0.797203] APIC delta adjusted to PM-Timer: 6252840 (12249019)
[    0.798379] smpboot: CPU0: Intel(R) Core(TM) i7-8550U CPU @ 1.80GHz (family: 0x6, model: 0x8e, stepping: 0xa)
[    0.800850] Performance Events: unsupported p6 CPU model 142 no PMU driver, software events only.
[    0.802928] KVM setup paravirtual spinlock
[    0.806960] x86: Booting SMP configuration:
[    0.808031] .... node  #0, CPUs:      #1
[    0.809039] kvm-clock: cpu 1, msr 0:7ffe3041, secondary cpu clock
[    0.810963] mce: CPU supports 0 MCE banks
[    0.813528] x86: Booted up 1 node, 2 CPUs
[    0.814683] smpboot: Total of 2 processors activated (7968.00 BogoMIPS)
[    0.816508] devtmpfs: initialized
[    0.818747] evm: security.selinux
[    0.819605] evm: security.SMACK64
[    0.820370] evm: security.SMACK64EXEC
[    0.821238] evm: security.SMACK64TRANSMUTE
[    0.822266] evm: security.SMACK64MMAP
[    0.823088] evm: security.ima
[    0.823778] evm: security.capability
[    0.824843] clocksource: jiffies: mask: 0xffffffff max_cycles: 0xffffffff, max_idle_ns: 7645041785100000 ns
[    0.826967] futex hash table entries: 512 (order: 3, 32768 bytes)
[    0.828650] pinctrl core: initialized pinctrl subsystem
[    0.829811] RTC time:  1:05:39, date: 01/22/19
[    0.830918] NET: Registered protocol family 16
[    0.843979] cpuidle: using governor ladder
[    0.857593] cpuidle: using governor menu
[    0.859088] PCCT header not found.
[    0.859980] ACPI: bus type PCI registered
[    0.860934] acpiphp: ACPI Hot Plug PCI Controller Driver version: 0.5
[    0.896715] PCI: Using configuration type 1 for base access
[    0.912892] ACPI: Added _OSI(Module Device)
[    0.914447] ACPI: Added _OSI(Processor Device)
[    0.915880] ACPI: Added _OSI(3.0 _SCP Extensions)
[    0.917360] ACPI: Added _OSI(Processor Aggregator Device)
[    0.920031] ACPI: Executed 1 blocks of module-level executable AML code
[    0.925611] ACPI: Interpreter enabled
[    0.926879] ACPI: (supports S0 S5)
[    0.928164] ACPI: Using IOAPIC for interrupt routing
[    0.929871] PCI: Using host bridge windows from ACPI; if necessary, use "pci=nocrs" and report a bug
[    0.936661] ACPI: PCI Root Bridge [PCI0] (domain 0000 [bus 00-ff])
[    0.938012] acpi PNP0A03:00: _OSC: OS supports [ASPM ClockPM Segments MSI]
[    0.939908] acpi PNP0A03:00: _OSC: not requesting OS control; OS requires [ExtendedConfig ASPM ClockPM MSI]
[    0.941890] acpi PNP0A03:00: fail to add MMCONFIG information, can't access extended PCI configuration space under this bridge.
[    0.944548] PCI host bridge to bus 0000:00
[    0.945434] pci_bus 0000:00: root bus resource [io  0x0000-0x0cf7 window]
[    0.946794] pci_bus 0000:00: root bus resource [io  0x0d00-0xffff window]
[    0.948069] pci_bus 0000:00: root bus resource [mem 0x000a0000-0x000bffff window]
[    0.949742] pci_bus 0000:00: root bus resource [mem 0x80000000-0xfdffffff window]
[    0.951452] pci_bus 0000:00: root bus resource [bus 00-ff]
[    0.954300] pci 0000:00:01.1: legacy IDE quirk: reg 0x10: [io  0x01f0-0x01f7]
[    0.967327] pci 0000:00:01.1: legacy IDE quirk: reg 0x14: [io  0x03f6]
[    0.968538] pci 0000:00:01.1: legacy IDE quirk: reg 0x18: [io  0x0170-0x0177]
[    0.969835] pci 0000:00:01.1: legacy IDE quirk: reg 0x1c: [io  0x0376]
[    0.989954] pci 0000:00:07.0: quirk: [io  0x4000-0x403f] claimed by PIIX4 ACPI
[    0.991643] pci 0000:00:07.0: quirk: [io  0x4100-0x410f] claimed by PIIX4 SMB
[    1.004858] ACPI: PCI Interrupt Link [LNKA] (IRQs 5 9 10 *11)
[    1.006758] ACPI: PCI Interrupt Link [LNKB] (IRQs 5 9 *10 11)
[    1.008487] ACPI: PCI Interrupt Link [LNKC] (IRQs 5 *9 10 11)
[    1.010214] ACPI: PCI Interrupt Link [LNKD] (IRQs 5 9 10 *11)
[    1.012137] ACPI: Enabled 2 GPEs in block 00 to 07
[    1.013610] vgaarb: setting as boot device: PCI:0000:00:02.0
[    1.014789] vgaarb: device added: PCI:0000:00:02.0,decodes=io+mem,owns=io+mem,locks=none
[    1.016431] vgaarb: loaded
[    1.017089] vgaarb: bridge control possible 0000:00:02.0
[    1.018286] SCSI subsystem initialized
[    1.019357] ACPI: bus type USB registered
[    1.020295] usbcore: registered new interface driver usbfs
[    1.021382] usbcore: registered new interface driver hub
[    1.022422] usbcore: registered new device driver usb
[    1.023712] PCI: Using ACPI for IRQ routing
[    1.024853] NetLabel: Initializing
[    1.025562] NetLabel:  domain hash size = 128
[    1.026474] NetLabel:  protocols = UNLABELED CIPSOv4
[    1.027514] NetLabel:  unlabeled traffic allowed by default
[    1.028959] amd_nb: Cannot enumerate AMD northbridges
[    1.030001] clocksource: Switched to clocksource kvm-clock
[    1.040747] AppArmor: AppArmor Filesystem Enabled
[    1.041768] pnp: PnP ACPI init
[    1.043360] pnp: PnP ACPI: found 3 devices
[    1.056003] clocksource: acpi_pm: mask: 0xffffff max_cycles: 0xffffff, max_idle_ns: 2085701024 ns
[    1.057784] NET: Registered protocol family 2
[    1.058987] TCP established hash table entries: 16384 (order: 5, 131072 bytes)
[    1.060543] TCP bind hash table entries: 16384 (order: 6, 262144 bytes)
[    1.061948] TCP: Hash tables configured (established 16384 bind 16384)
[    1.063282] UDP hash table entries: 1024 (order: 3, 32768 bytes)
[    1.064436] UDP-Lite hash table entries: 1024 (order: 3, 32768 bytes)
[    1.065782] NET: Registered protocol family 1
[    1.102948] pci 0000:00:00.0: Limiting direct PCI/PCI transfers
[    1.105453] pci 0000:00:01.0: Activating ISA DMA hang workarounds
[    1.108312] Unpacking initramfs...
[    1.522591] Freeing initrd memory: 14796K
[    1.523692] platform rtc_cmos: registered platform RTC device (no PNP device found)
[    1.525571] Scanning for low memory corruption every 60 seconds
[    1.527285] audit: initializing netlink subsys (disabled)
[    1.528538] audit: type=2000 audit(1548119146.100:1): initialized
[    1.529938] Initialise system trusted keyring
[    1.531291] HugeTLB registered 2 MB page size, pre-allocated 0 pages
[    1.533747] zbud: loaded
[    1.534903] VFS: Disk quotas dquot_6.6.0
[    1.535898] VFS: Dquot-cache hash table entries: 512 (order 0, 4096 bytes)
[    1.537485] squashfs: version 4.0 (2009/01/31) Phillip Lougher
[    1.539142] fuse init (API version 7.23)
[    1.540249] Key type big_key registered
[    1.541126] Allocating IMA MOK and blacklist keyrings.
[    1.544982] Key type asymmetric registered
[    1.545899] Asymmetric key parser 'x509' registered
[    1.547069] Block layer SCSI generic (bsg) driver version 0.4 loaded (major 249)
[    1.548757] io scheduler noop registered
[    1.549647] io scheduler deadline registered (default)
[    1.550803] io scheduler cfq registered
[    1.551700] pci_hotplug: PCI Hot Plug PCI Core version: 0.5
[    1.552790] pciehp: PCI Express Hot Plug Controller Driver version: 0.4
[    1.554177] ACPI: AC Adapter [AC] (on-line)
[    1.555242] input: Power Button as /devices/LNXSYSTM:00/LNXPWRBN:00/input/input0
[    1.556833] ACPI: Power Button [PWRF]
[    1.557711] input: Sleep Button as /devices/LNXSYSTM:00/LNXSLPBN:00/input/input1
[    1.559315] ACPI: Sleep Button [SLPF]
[    1.560435] GHES: HEST is not enabled!
[    1.561309] ACPI: Battery Slot [BAT0] (battery present)
[    1.563086] Serial: 8250/16550 driver, 32 ports, IRQ sharing enabled
 !"#$%&'()*+,-./0123456789:;<=>?@ABCDEFGHIJKLMNOPQRSTUVWXYZ[\]^_`abcdefghijklmnopqrstuvwxyz{|}~Äåçéèêëíìîïñóòôöõúùûü†°¢£§•¶ß®©™´¨≠ÆØ∞√ƒ≈∆«»… ÀÃÕŒœ–—“”‘’÷◊ÿŸ⁄€‹›ﬁﬂ‡·‚„‰ÂÊÁËÈÍÎÏÌÓÔÒÚÛÙıˆ˜¯˘˙˚¸˝˛ˇ[    1.641168] 00:02: ttyS0 at I/O 0x3f8 (irq = 4, base_baud = 115200) is a 16550A
[    1.647772] Linux agpgart interface v0.103
[    1.653025] loop: module loaded
[    1.654483] scsi host0: ata_piix
[    1.655505] scsi host1: ata_piix
[    1.656266] ata1: PATA max UDMA/33 cmd 0x1f0 ctl 0x3f6 bmdma 0xd000 irq 14
[    1.657500] ata2: PATA max UDMA/33 cmd 0x170 ctl 0x376 bmdma 0xd008 irq 15
[    1.658938] libphy: Fixed MDIO Bus: probed
[    1.659895] tun: Universal TUN/TAP device driver, 1.6
[    1.661313] tun: (C) 1999-2004 Max Krasnyansky <maxk@qualcomm.com>
[    1.662998] PPP generic driver version 2.4.2
[    1.664094] ehci_hcd: USB 2.0 'Enhanced' Host Controller (EHCI) Driver
[    1.665308] ehci-pci: EHCI PCI platform driver
[    1.666275] ehci-platform: EHCI generic platform driver
[    1.667345] ohci_hcd: USB 1.1 'Open' Host Controller (OHCI) Driver
[    1.668527] ohci-pci: OHCI PCI platform driver
[    1.669502] ohci-platform: OHCI generic platform driver
[    1.670597] uhci_hcd: USB Universal Host Controller Interface driver
[    1.671786] i8042: PNP: PS/2 Controller [PNP0303:PS2K,PNP0f03:PS2M] at 0x60,0x64 irq 1,12
[    1.673890] serio: i8042 KBD port at 0x60,0x64 irq 1
[    1.675039] serio: i8042 AUX port at 0x60,0x64 irq 12
[    1.723438] mousedev: PS/2 mouse device common for all mice
[    1.725232] rtc_cmos rtc_cmos: rtc core: registered rtc_cmos as rtc0
[    1.726743] rtc_cmos rtc_cmos: alarms up to one day, 114 bytes nvram
[    1.728267] input: AT Translated Set 2 keyboard as /devices/platform/i8042/serio0/input/input2
[    1.730308] i2c /dev entries driver
[    1.731394] device-mapper: uevent: version 1.0.3
[    1.732591] device-mapper: ioctl: 4.34.0-ioctl (2015-10-28) initialised: dm-devel@redhat.com
[    1.734646] ledtrig-cpu: registered to indicate activity on CPUs
[    1.736935] NET: Registered protocol family 10
[    1.738382] NET: Registered protocol family 17
[    1.739420] Key type dns_resolver registered
[    1.740592] registered taskstats version 1
[    1.741542] Loading compiled-in X.509 certificates
[    1.743128] Loaded X.509 cert 'Build time autogenerated kernel key: 7c9fb337b82e5a343493fe891c556beae1895c7c'
[    1.745225] zswap: loaded using pool lzo/zbud
[    1.748086] Key type trusted registered
[    1.752416] Key type encrypted registered
[    1.753342] AppArmor: AppArmor sha1 policy hashing enabled
[    1.754376] ima: No TPM chip found, activating TPM-bypass!
[    1.755529] ima: Allocated hash algorithm: sha1
[    1.756493] evm: HMAC attrs: 0x1
[    1.757728]   Magic number: 3:238:54
[    1.758851] rtc_cmos rtc_cmos: setting system clock to 2019-01-22 01:05:39 UTC (1548119139)
[    1.760731] BIOS EDD facility v0.16 2004-Jun-25, 0 devices found
[    1.762343] EDD information not available.
[    1.815471] Freeing unused kernel memory: 1528K
[    1.816683] Write protecting the kernel read-only data: 14336k
[    1.818700] Freeing unused kernel memory: 1660K
[    1.820172] Freeing unused kernel memory: 88K
Loading, please wait...
starting version 229
[    1.835933] random: systemd-udevd: uninitialized urandom read (16 bytes read, 3 bits of entropy available)
[    1.836488] random: udevadm: uninitialized urandom read (16 bytes read, 3 bits of entropy available)
[    1.836509] random: udevadm: uninitialized urandom read (16 bytes read, 3 bits of entropy available)
[    1.842531] random: systemd-udevd: uninitialized urandom read (16 bytes read, 3 bits of entropy available)
[    1.844658] random: systemd-udevd: uninitialized urandom read (16 bytes read, 3 bits of entropy available)
[    1.844742] random: udevadm: uninitialized urandom read (16 bytes read, 3 bits of entropy available)
[    1.844776] random: udevadm: uninitialized urandom read (16 bytes read, 3 bits of entropy available)
[    1.844895] random: udevadm: uninitialized urandom read (16 bytes read, 3 bits of entropy available)
[    1.844938] random: udevadm: uninitialized urandom read (16 bytes read, 3 bits of entropy available)
[    1.844982] random: udevadm: uninitialized urandom read (16 bytes read, 3 bits of entropy available)
[    1.883514] e1000: Intel(R) PRO/1000 Network Driver - version 7.3.21-k8-NAPI
[    1.884903] e1000: Copyright (c) 1999-2006 Intel Corporation.
[    1.887723] Fusion MPT base driver 3.04.20
[    1.888657] Copyright (c) 1999-2008 LSI Corporation
[    1.927962] Fusion MPT SPI Host driver 3.04.20
[    1.943659] AVX2 version of gcm_enc/dec engaged.
[    1.944832] AES CTR mode by8 optimization enabled
[    2.141473] input: ImExPS/2 Generic Explorer Mouse as /devices/platform/i8042/serio1/input/input4
[    2.522303] tsc: Refined TSC clocksource calibration: 1992.423 MHz
[    2.523508] clocksource: tsc: mask: 0xffffffffffffffff max_cycles: 0x397070772ec, max_idle_ns: 881590425448 ns
[    2.527878] e1000 0000:00:03.0 eth0: (PCI:33MHz:32-bit) 02:5e:78:ae:6e:b0
[    2.529131] e1000 0000:00:03.0 eth0: Intel(R) PRO/1000 Network Connection
[    2.531275] mptbase: ioc0: Initiating bringup
[    2.777271] ioc0: LSI53C1030 A0: Capabilities={Initiator}
[    3.535328] scsi host2: ioc0: LSI53C1030 A0, FwRev=00000000h, Ports=1, MaxQ=256, IRQ=20
[    3.784109] scsi 2:0:0:0: Direct-Access     VBOX     HARDDISK         1.0  PQ: 0 ANSI: 5
[    3.787740] scsi target2:0:0: Beginning Domain Validation
[    3.792080] scsi target2:0:0: Domain Validation skipping write tests
[    3.793302] scsi target2:0:0: Ending Domain Validation
[    3.794449] scsi target2:0:0: asynchronous
[    3.796423] scsi 2:0:1:0: Direct-Access     VBOX     HARDDISK         1.0  PQ: 0 ANSI: 5
[    3.809168] scsi target2:0:1: Beginning Domain Validation
[    3.812729] scsi target2:0:1: Domain Validation skipping write tests
[    3.813862] scsi target2:0:1: Ending Domain Validation
[    3.815054] scsi target2:0:1: asynchronous
[    3.834909] sd 2:0:0:0: Attached scsi generic sg0 type 0
[    3.836388] sd 2:0:1:0: Attached scsi generic sg1 type 0
[    3.887698] sd 2:0:0:0: [sda] 20971520 512-byte logical blocks: (10.7 GB/10.0 GiB)
[    3.889898] sd 2:0:1:0: [sdb] 20480 512-byte logical blocks: (10.5 MB/10.0 MiB)
[    3.892385] sd 2:0:0:0: [sda] Write Protect is off
[    3.893702] sd 2:0:1:0: [sdb] Write Protect is off
[    3.894994] sd 2:0:0:0: [sda] Incomplete mode parameter data
[    3.896192] sd 2:0:0:0: [sda] Assuming drive cache: write through
[    3.897919] sd 2:0:1:0: [sdb] Incomplete mode parameter data
[    3.899110] sd 2:0:1:0: [sdb] Assuming drive cache: write through
[    3.902323]  sda: sda1
[    3.904309] sd 2:0:0:0: [sda] Attached SCSI disk
[    3.923996] sd 2:0:1:0: [sdb] Attached SCSI disk
[    4.524271] e1000 0000:00:08.0 eth1: (PCI:33MHz:32-bit) 08:00:27:ce:1f:3b
[    4.525653] e1000 0000:00:08.0 eth1: Intel(R) PRO/1000 Network Connection
[    4.527881] e1000 0000:00:03.0 enp0s3: renamed from eth0
[    4.539254] e1000 0000:00:08.0 enp0s8: renamed from eth1
Begin: Loading essential drivers ... [    6.058671] md: linear personality registered for level -1
[    6.062913] md: multipath personality registered for level -4
[    6.066657] md: raid0 personality registered for level 0
[    6.070383] md: raid1 personality registered for level 1
[    6.158189] raid6: sse2x1   gen()  5532 MB/s
[    6.262846] raid6: sse2x1   xor()  6597 MB/s
[    6.364940] raid6: sse2x2   gen() 10092 MB/s
[    6.465476] raid6: sse2x2   xor()  9404 MB/s
[    6.569516] raid6: sse2x4   gen() 11977 MB/s
[    6.673621] raid6: sse2x4   xor() 10297 MB/s
[    6.778596] raid6: avx2x1   gen() 14833 MB/s
[    6.882134] raid6: avx2x2   gen() 20208 MB/s
[    6.986638] raid6: avx2x4   gen() 25279 MB/s
[    6.987622] raid6: using algorithm avx2x4 gen() 25279 MB/s
[    6.988756] raid6: using avx2x2 recovery algorithm
[    6.990965] xor: automatically using best checksumming function:
[    7.030297]    avx       : 26634.000 MB/sec
[    7.032279] async_tx: api initialized (async)
[    7.039978] md: raid6 personality registered for level 6
[    7.041073] md: raid5 personality registered for level 5
[    7.042620] md: raid4 personality registered for level 4
[    7.048072] md: raid10 personality registered for level 10
done.
Begin: Running /scripts/init-premount ... done.
Begin: Mounting root file system ... Begin: Running /scripts/local-top ... done.
Begin: Running /scripts/local-premount ... [    7.075104] Btrfs loaded
Scanning for Btrfs filesystems
done.
Warning: fsck not present, so skipping root file system
[    7.113746] EXT4-fs (sda1): mounted filesystem with ordered data mode. Opts: (null)
done.
Begin: Running /scripts/local-bottom ... done.
Begin: Running /scripts/init-bottom ... done.
[    7.450719] systemd[1]: systemd 229 running in system mode. (+PAM +AUDIT +SELINUX +IMA +APPARMOR +SMACK +SYSVINIT +UTMP +LIBCRYPTSETUP +GCRYPT +GNUTLS +ACL +XZ -LZ4 +SECCOMP +BLKID +ELFUTILS +KMOD -IDN)
[    7.458046] systemd[1]: Detected virtualization oracle.
[    7.460255] systemd[1]: Detected architecture x86-64.

Welcome to [1mUbuntu 16.04.5 LTS[0m!

[    7.487520] systemd[1]: Set hostname to <ubuntu>.
[    7.505044] systemd[1]: Initializing machine ID from random generator.
[    7.506487] systemd[1]: Installed transient /etc/machine-id file.
[    7.690209] random: nonblocking pool is initialized
[    7.829877] systemd[1]: Created slice System Slice.
[[0;32m  OK  [0m] Created slice System Slice.
[    7.831822] systemd[1]: Started Trigger resolvconf update for networkd DNS.
[[0;32m  OK  [0m] Started Trigger resolvconf update for networkd DNS.
[    7.834106] systemd[1]: Listening on Journal Socket.
[[0;32m  OK  [0m] Listening on Journal Socket.
[    7.846241] systemd[1]: Mounting Debug File System...
         Mounting Debug File System...
[    7.867403] systemd[1]: Starting Uncomplicated firewall...
         Starting Uncomplicated firewall...
[    7.870989] systemd[1]: Starting Remount Root and Kernel File Systems...
         Starting Remount Root and Kernel File Systems...
[    7.884434] systemd[1]: Listening on Device-mapper event daemon FIFOs.
[[0;32m  OK  [0m] Listening on Device-mapper event daemon FIFOs.
[    7.893214] EXT4-fs (sda1): re-mounted. Opts: (null)
[    7.918211] systemd[1]: Listening on udev Control Socket.
[[0;32m  OK  [0m] Listening on udev Control Socket.
[    7.942737] systemd[1]: Mounting Huge Pages File System...
         Mounting Huge Pages File System...
[    7.946615] systemd[1]: Starting Set console keymap...
         Starting Set console keymap...
[    7.949191] systemd[1]: Listening on LVM2 poll daemon socket.
[[0;32m  OK  [0m] Listening on LVM2 poll daemon socket.
[    7.951751] systemd[1]: Reached target Swap.
[[0;32m  OK  [0m] Reached target Swap.
[    7.954047] systemd[1]: Listening on Journal Audit Socket.
[[0;32m  OK  [0m] Listening on Journal Audit Socket.
[    7.966545] systemd[1]: Listening on udev Kernel Socket.
[[0;32m  OK  [0m] Listening on udev Kernel Socket.
[    7.974279] systemd[1]: Listening on Journal Socket (/dev/log).
[[0;32m  OK  [0m] Listening on Journal Socket (/dev/log).
[    7.983039] systemd[1]: Reached target System Time Synchronized.
[[0;32m  OK  [0m] Reached target System Time Synchronized.
[    7.985096] systemd[1]: Set up automount Arbitrary Executable File Formats File System Automount Point.
[[0;32m  OK  [0m] Set up automount Arbitrary Executab...ats File System Automount Point.
[    8.027098] systemd[1]: Starting Load Kernel Modules...
         Starting Load Kernel Modules...
[    8.029507] systemd[1]: Started Forward Password Requests to Wall Directory Watch.
[[0;32m  OK  [0m] Started Forward Password Requests to Wall Directory Watch.
[    8.033603] systemd[1]: Starting Create list of required static device nodes for the current kernel...
         Starting Create list of required st... nodes for the current kernel...
[    8.037045] systemd[1]: Reached target Encrypted Volumes.
[[0;32m  OK  [0m] Reached target Encrypted Volumes.
[    8.041923] systemd[1]: Created slice system-serial\x2dgetty.slice.
[[0;32m  OK  [0m] Created slice system-serial\x2dgetty.slice.
[    8.050703] systemd[1]: Listening on /dev/initctl Compatibility Named Pipe.
[[0;32m  OK  [0m] Listening on /dev/initctl Compatibility Named Pipe.
[    8.066188] systemd[1]: Mounting POSIX Message Queue File System...
         Mounting POSIX Message Queue File System...
[    8.073613] Loading iSCSI transport class v2.0-870.
[    8.078901] systemd[1]: Listening on Syslog Socket.
[[0;32m  OK  [0m] Listening on Syslog Socket.
[    8.086910] systemd[1]: Starting Journal Service...
         Starting Journal Service...
[    8.088850] systemd[1]: Reached target User and Group Name Lookups.
[[0;32m  OK  [0m] Reached target User and Group Name Lookups.
[    8.102438] systemd[1]: Created slice User and Session Slice.
[[0;32m  OK  [0m] Created slice User and Session Slice.
[    8.104401] systemd[1]: Reached target Slices.
[[0;32m  OK  [0m] Reached target Slices.
[    8.115107] iscsi: registered transport (tcp)
[    8.116452] systemd[1]: Starting Nameserver information manager...
         Starting Nameserver information manager...
[    8.118755] systemd[1]: Listening on LVM2 metadata daemon socket.
[[0;32m  OK  [0m] Listening on LVM2 metadata daemon socket.
[    8.121361] systemd[1]: Starting Monitoring of LVM2 mirrors, snapshots etc. using dmeventd or progress polling...
         Starting Monitoring of LVM2 mirrors... dmeventd or progress polling...
[    8.125895] systemd[1]: Mounted Huge Pages File System.
[[0;32m  OK  [0m] Mounted Huge Pages File System.
[    8.139098] systemd[1]: Mounted POSIX Message Queue File System.
[[0;32m  OK  [0m] Mounted POSIX Message Queue File System.
[    8.151101] systemd[1]: Mounted Debug File System.
[[0;32m  OK  [0m] Mounted Debug File System.
[    8.153313] systemd[1]: Started Uncomplicated firewall.
[[0;32m  OK  [0m] Started Uncomplicated firewall.
[    8.163119] systemd[1]: Started Remount Root and Kernel File Systems.
[[0;32m  OK  [0m] Started Remount Root and Kernel File Systems.
[    8.165778] systemd[1]: Started Set console keymap.
[[0;32m  OK  [0m] Started Set console keymap.
[    8.168183] systemd[1]: Started Create list of required static device nodes for the current kernel.
[[0;32m  OK  [0m] Started Create list of required sta...ce nodes for the current kernel.
[    8.191212] systemd[1]: Started Nameserver information manager.
[[0;32m  OK  [0m] Started Nameserver information manager.
[    8.203576] systemd[1]: Started Journal Service.
[[0;32m  OK  [0m] Started Journal Service.
[    8.215196] iscsi: registered transport (iser)
[[0;32m  OK  [0m] Started Load Kernel Modules.
         Starting Apply Kernel Variables...
         Mounting FUSE Control File System...
[[0;32m  OK  [0m] Started LVM2 metadata daemon.
         Starting Create Static Device Nodes in /dev...
         Starting Load/Save Random Seed...
         Starting udev Coldplug all Devices...
         Starting Flush Journal to Persistent Storage...
[[0;32m  OK  [0m] Mounted FUSE Control File System.
[[0;32m  OK  [0m] Started Apply Kernel Variables.
[[0;32m  OK  [0m] Started Load/Save Random Seed.
[[0;32m  OK  [0m] Started Flush Journal to Persistent Storage.
[[0;32m  OK  [0m] Started Create Static Device Nodes in /dev.
         Starting udev Kernel Device Manager...
[[0;32m  OK  [0m] Started Monitoring of LVM2 mirrors,...ng dmeventd or progress polling.
[[0;32m  OK  [0m] Started udev Kernel Device Manager.
[[0;32m  OK  [0m] Reached target Local File Systems (Pre).
[[0;32m  OK  [0m] Reached target Local File Systems.
         Starting Commit a transient machine-id on disk...
         Starting LSB: AppArmor initialization...
         Starting Tell Plymouth To Write Out Runtime Data...
         Starting Initial cloud-init job (pre-networking)...
         Starting Set console font and keymap...
         Starting Create Volatile Files and Directories...
[[0;32m  OK  [0m] Started udev Coldplug all Devices.
[[0;32m  OK  [0m] Started Dispatch Password Requests to Console Directory Watch.
[[0;32m  OK  [0m] Started Commit a transient machine-id on disk.
[[0;32m  OK  [0m] Started Create Volatile Files and Directories.
[[0;32m  OK  [0m] Started Tell Plymouth To Write Out Runtime Data.
         Starting Update UTMP about System Boot/Shutdown...
[[0;32m  OK  [0m] Started Update UTMP about System Boot/Shutdown.
[[0;32m  OK  [0m] Found device /dev/ttyS0.
[[0;32m  OK  [0m] Listening on Load/Save RF Kill Switch Status /dev/rfkill Watch.
[[0;32m  OK  [0m] Started Set console font and keymap.
[[0;32m  OK  [0m] Created slice system-getty.slice.
[[0;32m  OK  [0m] Started LSB: AppArmor initialization.
[   11.963075] cloud-init[482]: Cloud-init v. 18.4-0ubuntu1~16.04.2 running 'init-local' at Tue, 22 Jan 2019 01:05:49 +0000. Up 11.46 seconds.
[[0;32m  OK  [0m] Started Initial cloud-init job (pre-networking).
[[0;32m  OK  [0m] Reached target Network (Pre).
         Starting Raise network interfaces...
[[0;32m  OK  [0m] Started Raise network interfaces.
         Starting Initial cloud-init job (metadata service crawler)...
[[0;32m  OK  [0m] Reached target Network.
[   14.471461] cloud-init[941]: Cloud-init v. 18.4-0ubuntu1~16.04.2 running 'init' at Tue, 22 Jan 2019 01:05:51 +0000. Up 12.89 seconds.
[   14.480653] cloud-init[941]: ci-info: ++++++++++++++++++++++++++++++++++++++Net device info+++++++++++++++++++++++++++++++++++++++
[   14.488426] cloud-init[941]: ci-info: +--------+-------+----------------------------+---------------+--------+-------------------+
[   14.489818] cloud-init[941]: ci-info: | Device |   Up  |          Address           |      Mask     | Scope  |     Hw-Address    |
[   14.491087] cloud-init[941]: ci-info: +--------+-------+----------------------------+---------------+--------+-------------------+
[   14.492763] cloud-init[941]: ci-info: | enp0s3 |  True |         10.0.2.15          | 255.255.255.0 | global | 02:5e:78:ae:6e:b0 |
[   14.494439] cloud-init[941]: ci-info: | enp0s3 |  True | fe80::5e:78ff:feae:6eb0/64 |       .       |  link  | 02:5e:78:ae:6e:b0 |
[   14.496131] cloud-init[941]: ci-info: | enp0s8 | False |             .              |       .       |   .    | 08:00:27:ce:1f:3b |
[   14.497628] cloud-init[941]: ci-info: |   lo   |  True |         127.0.0.1          |   255.0.0.0   |  host  |         .         |
[   14.499306] cloud-init[941]: ci-info: |   lo   |  True |          ::1/128           |       .       |  host  |         .         |
[   14.543706] cloud-init[941]: ci-info: +--------+-------+----------------------------+---------------+--------+-------------------+
[   14.552598] cloud-init[941]: ci-info: +++++++++++++++++++++++++++Route IPv4 info++++++++++++++++++++++++++++
[   14.561171] [cloud-init[0;32m  OK  [0m[941]: ] ci-info: +-------+-------------+----------+---------------+-----------+-------+Started Initial cloud-init job (metadata service crawler).

[   14.562101] cloud-init[941]: ci-info: | Route | Destination | Gateway  |    Genmask    | Interface | Flags |
[   14.563645] [[0;32m  OK  [0m] Reached target System Initialization.
[[0;32m  OK  [0m] Started Daily Cleanup of Temporary Directories.
[[0;32m  OK  [0m] Started Daily apt download activities.
cloud-init[941]: ci-info: +-------+-------------+----------+---------------+-----------+-------+
[   14.566292] cloud-init[941]: ci-info: |   0   |   0.0.0.0   | 10.0.2.2 |    0.0.0.0    |   enp0s3  |   UG  |
[   14.567325] cloud-init[941]: ci-info: |   1   |   10.0.2.0  | 0.0.0.0  | 255.255.255.0 |   enp0s3  |   U   |
[   14.568387] cloud-init[941]: ci-info: +-------+-------------+----------+---------------+-----------+-------+
[   14.576405]          cloud-initStarting LXD - unix socket.[941]: 
ci-info: +++++++++++++++++++Route IPv6 info+++++++++++++++++++
[   14.578352] [[0;32m  OK  [0m] Listening on UUID daemon activation socket.
[[0;32m  OK  [0m] Started Daily apt upgrade and clean activities.
[[0;32m  OK  [0m] Reached target Timers.
         Starting Socket activation for snappy daemon.
[[0;32m  OK  [0m] Listening on ACPID Listen Socket.
cloud-init[941]: ci-info: +-------+-------------+---------+-----------+-------+
[   14.582478] cloud-init[941]: ci-info: | Route | Destination | Gateway | Interface | Flags |
[   14.583740] cloud-init[941]: ci-info: +-------+-------------+---------+-----------+-------+
[   14.584831] cloud-init[941]: ci-info: |   0   |  fe80::/64  |    ::   |   enp0s3  |   U   |
[   14.586153] cloud-init[941]: ci-info: |   3   |   ff00::/8  |    ::   |   enp0s3  |   U   |
[   14.587422] cloud-init[941]: ci-info: +-------+-------------+---------+-----------+-------+
[   14.588908] cloud-init[941]: Generating public/private rsa key pair.
[   14.590013] cloud-init[941]: Your identification has been saved in /etc/ssh/ssh_host_rsa_key.
[   14.591570] cloud-init[941]: Your public key has been saved in /etc/ssh/ssh_host_rsa_key.pub.
[   14.592979] cloud-init[941]: The key fingerprint is:
[   14.593923] cloud-init[941]: SHA256:Hz11GKzFv6dI4AHLQEYu7Lk/W/PuXyWVnTK0aeXiaQI root@ubuntu-xenial
[   14.595244] cloud-init[941]: The key's randomart image is:
[   14.596295] cloud-init[941]: +---[RSA 2048]----+
[   14.597232] cloud-init[941]: |     o+      +.. |
[   14.598143] cloud-init[941]: |   . o. .   . Oo+|[[0;32m  OK  [0m] Started ACPI Events Check.
[[0;32m  OK  [0m] Reached target Paths.

[   14.600156] [[0;32m  OK  [0m] Listening on D-Bus System Message Bus Socket.
[[0;32m  OK  [0m] Reached target Cloud-config availability.
cloud-init[941]: |    o .o E   Xo=+|
[   14.602118] [[0;32m  OK  [0m] Reached target Network is Online.
cloud-init[941]: |   . o  o +.+.=o.|
[   14.603621] cloud-init[941]: |    o   S..+o+. o|
[   14.604745] cloud-init[941]: |     .   ...+. +.|
[   14.605486] cloud-init[941]: |    .   o .. ....|
[   14.606462] cloud-init[941]: |     ... o  ...  |
[   14.607345] cloud-init[941]: |      oo o+..    |
[   14.608293] cloud-init[941]: +----[SHA256]-----+
[   14.648937]          cloud-initStarting iSCSI initiator daemon (iscsid)...[941]: 
Generating public/private dsa key pair.
[[0;32m  OK  [0m] Listening on LXD - unix socket.
[   14.650136] cloud-init[941]: Your identification has been saved in /etc/ssh/ssh_host_dsa_key.
[   14.651637] [[0;32m  OK  [0m] Listening on Socket activation for snappy daemon.
cloud-init[941]: Your public key has been saved in /etc/ssh/ssh_host_dsa_key.pub.
[   14.664750] [[0;32m  OK  [0m] Reached target Sockets.
cloud-init[941]: The key fingerprint is:
[   14.672321] [cloud-init[0;32m  OK  [0m[941]: ] SHA256:8Bir/QvzfyadhyPg8JfEK65Awxv6zkCB1TlMgtIPS6E root@ubuntu-xenialReached target Basic System.

[   14.673245] cloud-init[941]: The key's randomart image is:
[   14.680286] cloud-init[941]: +---[DSA 1024]----+
[   14.680815] cloud-init[941]: | o+=..           |
[   14.688423]          cloud-initStarting LSB: MD monitoring daemon...[941]: 
|o++.=            |
[   14.689737]          cloud-initStarting Login Service...[941]: 
|E..+ .o          |
[   14.690851] cloud-init[941]: |  .o.  *         |
         Starting Virtualbox guest utils...
[   14.691289] cloud-init[941]: |  . = o S.       |
[   14.692615]          Starting /etc/rc.local Compatibility...
cloud-init[941]: | . o *. . o      |
[   14.700481] cloud-init[941]: |  o + ++ o + o   |
[   14.708287] cloud-init[941]: |   + . =+ * B .  |
[   14.717729]          cloud-initStarting Pollinate to seed the pseudo random number generator...[941]: 
|   .+ .o==.= o   |
[   14.718853] cloud-init[941]: +----[SHA256]-----+
[   14.724862] cloud-init[941]: Generating public/private ecdsa key pair.
[[0;32m  OK  [0m] Started ACPI event daemon.
[   14.726538] cloud-init[941]: Your identification has been saved in /etc/ssh/ssh_host_ecdsa_key.
[   14.729888] cloud-init[941]: Your public key has been saved in /etc/ssh/ssh_host_ecdsa_key.pub.
[   14.731725] [cloud-init[0;32m  OK  [0m[941]: ] Started Regular background program processing daemon.
The key fingerprint is:
[   14.732974]          cloud-initStarting Accounts Service...[941]: 
SHA256:mGLgO/fM/V/n0tPYaHdOHrXxaysm0J78iQMlr5BPS70 root@ubuntu-xenial
[   14.734309]          cloud-initStarting System Logging Service...[941]: 
The key's randomart image is:
[   14.735285] [[0;32m  OK  [0m] Started Deferred execution scheduler.
cloud-init[941]: +---[ECDSA 256]---+
[   14.737355] cloud-init[941]: |                 |
[   14.738564] cloud-init[941]: |                 |
[   14.744314] cloud-init[941]: |  .              |
[   14.745476] cloud-init[941]: | . .   o . .     |
         Starting Snappy daemon...
         Starting LSB: Record successful boot for GRUB...
[[0;32m  OK  [0m] Started Unattended Upgrades Shutdown.
[[0;32m  OK  [0m] Started D-Bus System Message Bus.
[   14.755095] cloud-init[941]: |  . o o S *    ..|
[   14.775453] cloud-init[941]: |   o . o = +    =|
[   14.776335] cloud-init[941]: |  o .   = B o .B=|
[   14.777629] cloud-init[941]: |   o + . + E.+*BO|
[   14.778691] cloud-init[941]: |      + ...o*+o*B|
[   14.779674] cloud-init[941]: +----[SHA256]-----+
[   14.789003] cloud-init[941]: Generating public/private ed25519 key pair.
[   14.790173] cloud-init[941]: Your identification has been saved in /etc/ssh/ssh_host_ed25519_key.
[   14.796631] cloud-init[941]: Your public key has been saved in /etc/ssh/ssh_host_ed25519_key.pub.
[   14.804764] cloud-init[941]: The key fingerprint is:
[   14.813239] cloud-init[941]: SHA256:F91S93CeokjJ6A4ZAuppNZKaI9+nVi/CTiHQY3gdJPY root@ubuntu-xenial
[   14.814666] cloud-init[941]: The key's randomart image is:
[   14.815487] cloud-init[941]: +--[ED25519 256]--+
[   14.824750] cloud-init[941]: | .o.o         o o|
[   14.832363] cloud-init[941]: |.+o+ .  o .. o =o|
[   14.841215] cloud-init[941]: |+o=+E. . +. o...o|
[   14.842058] cloud-init[941]: |o=+.o + . .....  |
[   14.848228] cloud-init[941]: |=+. .o .S...     |
[   14.856236] cloud-init[941]: |oo o .+  .       |
[   14.857183] cloud-init[941]: |  ..o..o         |
[   14.857977] cloud-init[941]: |   .+o. .        |
[   14.858640] cloud-init[941]: |   oo. .         |
[   14.864940] cloud-init[941]: +----[SHA256]-----+
[[0;32m  OK  [0m] Started FUSE filesystem for LXC.
         Starting LXD - container startup/shutdown...
[[0;32m  OK  [0m] Started System Logging Service.
[[0;32m  OK  [0m] Started /etc/rc.local Compatibility.
[[0;32m  OK  [0m] Started Login Service.
[[0;32m  OK  [0m] Started iSCSI initiator daemon (iscsid).
         Starting Login to default iSCSI targets...
[[0;32m  OK  [0m] Started LSB: MD monitoring daemon.
[[0;32m  OK  [0m] Started LSB: Record successful boot for GRUB.
         Starting Authenticate and Authorize Users to Run Privileged Tasks...
[[0;32m  OK  [0m] Started Login to default iSCSI targets.
[[0;32m  OK  [0m] Reached target Remote File Systems (Pre).
[[0;32m  OK  [0m] Reached target Remote File Systems.
         Starting LSB: Set the CPU Frequency Scaling governor to "ondemand"...
         Starting Permit User Sessions...
         Starting LSB: automatic crash report generation...
         Starting LSB: daemon to balance interrupts for SMP systems...
[[0;32m  OK  [0m] Started LSB: Set the CPU Frequency Scaling governor to "ondemand".
[[0;32m  OK  [0m] Started Permit User Sessions.
         Starting Terminate Plymouth Boot Screen...
         Starting Hold until boot process finishes up...
[[0;32m  OK  [0m] Started Terminate Plymouth Boot Screen.
[[0;32m  OK  [0m] Started Hold until boot process finishes up.
[[0;32m  OK  [0m] Started Serial Getty on ttyS0.
         Starting Set console scheme...
[[0;32m  OK  [0m] Started Getty on tty1.
[[0;32m  OK  [0m] Reached target Login Prompts.
[[0;32m  OK  [0m] Started Authenticate and Authorize Users to Run Privileged Tasks.
[[0;32m  OK  [0m] Started LSB: daemon to balance interrupts for SMP systems.
[[0;32m  OK  [0m] Started Accounts Service.
[[0;32m  OK  [0m] Started LSB: automatic crash report generation.
[[0;32m  OK  [0m] Started Set console scheme.
[[0;32m  OK  [0m] Started Virtualbox guest utils.
[[0;32m  OK  [0m] Started LXD - container startup/shutdown.
[[0;32m  OK  [0m] Started Snappy daemon.
         Starting Wait until snapd is fully seeded...
[[0;32m  OK  [0m] Started Pollinate to seed the pseudo random number generator.
         Starting OpenBSD Secure Shell server...
[[0;32m  OK  [0m] Started OpenBSD Secure Shell server.
[[0;32m  OK  [0m] Created slice User Slice of vagrant.
         Starting User Manager for UID 1000...
[[0;32m  OK  [0m] Started Session 1 of user vagrant.
[[0;32m  OK  [0m] Started User Manager for UID 1000.

Ubuntu 16.04.5 LTS ubuntu-xenial ttyS0

ubuntu-xenial login: [   22.932596] cloud-init[1445]: Generating locales (this might take a while)...
[   24.899206] cloud-init[1445]:   en_US.UTF-8... done
[   24.900195] cloud-init[1445]: Generation complete.
[   25.676659] cloud-init[1445]: Cloud-init v. 18.4-0ubuntu1~16.04.2 running 'modules:config' at Tue, 22 Jan 2019 01:06:01 +0000. Up 22.57 seconds.
ci-info: no authorized ssh keys fingerprints found for user ubuntu.
<14>Jan 22 01:06:04 ec2: 
<14>Jan 22 01:06:04 ec2: #############################################################
<14>Jan 22 01:06:04 ec2: -----BEGIN SSH HOST KEY FINGERPRINTS-----
<14>Jan 22 01:06:04 ec2: 1024 SHA256:8Bir/QvzfyadhyPg8JfEK65Awxv6zkCB1TlMgtIPS6E root@ubuntu-xenial (DSA)
<14>Jan 22 01:06:04 ec2: 256 SHA256:mGLgO/fM/V/n0tPYaHdOHrXxaysm0J78iQMlr5BPS70 root@ubuntu-xenial (ECDSA)
<14>Jan 22 01:06:04 ec2: 256 SHA256:F91S93CeokjJ6A4ZAuppNZKaI9+nVi/CTiHQY3gdJPY root@ubuntu-xenial (ED25519)
<14>Jan 22 01:06:04 ec2: 2048 SHA256:Hz11GKzFv6dI4AHLQEYu7Lk/W/PuXyWVnTK0aeXiaQI root@ubuntu-xenial (RSA)
<14>Jan 22 01:06:04 ec2: -----END SSH HOST KEY FINGERPRINTS-----
<14>Jan 22 01:06:04 ec2: #############################################################
-----BEGIN SSH HOST KEY KEYS-----
ecdsa-sha2-nistp256 AAAAE2VjZHNhLXNoYTItbmlzdHAyNTYAAAAIbmlzdHAyNTYAAABBBKpg9w//ZuLCeRtHu3MU/ZcKKrsi72QsPIgHWSPD3UT6hnyLLdgiCCH8xaObD+TVnFypHw9fQQ/0UCwlp1VpLPc= root@ubuntu-xenial
ssh-ed25519 AAAAC3NzaC1lZDI1NTE5AAAAIEjGBzwLMQ+XH8C3alTLFlNhUcBlzqoTzLOJm8eXsVKl root@ubuntu-xenial
ssh-rsa AAAAB3NzaC1yc2EAAAADAQABAAABAQCmdRnI34DNLEeYzVIHd6lVxRj6VpbsnlN8C9z8EGB/K3GxVNQu7Gjed58Po8afxmlV6+ScgV3hlb63SOw3/fNklGTuHZkjkRg/ezMw+uB7oDUt6aeMb7Eb2IoL7a49AgqBwl/GCPZ3M33UJJPiUdBuh5VpQh+6kIGl6dKGLcpxFuu81S9nqgTl8X7rgC5KRzCGwup51y2UzvDIE/k0RkBunuu6+YY8tAYugYGO8L2WnI+4y9wxPYAn88JEvekRqGDVAdWsF0sEfJ6tS7I0QeHVYz5aNAOCeA+PdLSbSD32UCkLQ+dY+qojBnuj83CoDhJXP/6c69TXnA4Dc92j5EtV root@ubuntu-xenial
-----END SSH HOST KEY KEYS-----
[   26.489977] cloud-init[1719]: Cloud-init v. 18.4-0ubuntu1~16.04.2 running 'modules:final' at Tue, 22 Jan 2019 01:06:04 +0000. Up 26.28 seconds.
[   26.491735] cloud-init[1719]: ci-info: no authorized ssh keys fingerprints found for user ubuntu.
[   26.492548] cloud-init[1719]: Cloud-init v. 18.4-0ubuntu1~16.04.2 finished at Tue, 22 Jan 2019 01:06:04 +0000. Datasource DataSourceNoCloud [seed=/dev/sdb][dsmode=net].  Up 26.47 seconds
